[cafe-nine-fifty/home.html]
[backblue.gif]
[fade.gif]
[home.html]
[cdn.prod.website-files.com/67b83dd4545a3f3f932c754c/css/brewfye-template.webflow.e4ef8d24c.css]
[ajax.googleapis.com/ajax/libs/webfont/1.6.26/webfont.js]
[cafe-nine-fifty/checkout.html]
[cafe-nine-fifty/menu.html]
[cafe-nine-fifty/about.html]
[cafe-nine-fifty/blog.html]
[cafe-nine-fifty/blog/ten-tell-tale-signs-you-need-to-get-a-new-startup-101fa.html]
[cafe-nine-fifty/contact.html]
[cafe-nine-fifty/product/espresso1.html]
[cafe-nine-fifty/privacy-policy.html]
[cafe-nine-fifty/404.html]
[cafe-nine-fifty/utilities/style-guides.html]
[cafe-nine-fifty/utilities/licenses.html]
[cafe-nine-fifty/utilities/changelog.html]
[cafe-nine-fifty/product/mocha.html]
[cafe-nine-fifty/product/espresso.html]
[cafe-nine-fifty/product/latte.html]
[cafe-nine-fifty/product/chai-tea.html]
[cdn.prod.website-files.com/674fe3426befc8d5220fd7ea/677fb4b400fe7b2a8798ac4e_Coffe Video CTA-poster-00001.jpg]
[d3e54v103j8qbb.cloudfront.net/js/jquery-3.5.1.min.dc5e7f18c8e983.js]
[cdn.prod.website-files.com/67b83dd4545a3f3f932c754c/js/webflow.schunk.fff53afd84f32829.js]
[cdn.prod.website-files.com/67b83dd4545a3f3f932c754c/js/webflow.schunk.5e97b012b6732425.js]
[cafe-nine-fifty/home.html]
[cdn.prod.website-files.com/67b83dd4545a3f3f932c754c/js/webflow.7c53b68d.3231cad98599c6b0.js]
[cdn.prod.website-files.com/67b83dd4545a3f3f932c754c/67b83dd4545a3f3f932c767a_Global Bg.png]
[cdn.prod.website-files.com/67b83dd4545a3f3f932c754c/css/brewfye-template.webflow.e4ef8d24c.css]
[cafe-nine-fifty/checkout.html]
[cafe-nine-fifty/menu.html]
[cdn.prod.website-files.com/67b83dd4545a3f3f932c754c/js/webflow.5b6f5c6e.ee23dfb2ac04b28b.js]
[cdn.prod.website-files.com/674fe3426befc8d5220fd7ea/677f5b55c1710e6acd65c8e9_About Video-poster-00001.jpg]
[cafe-nine-fifty/about.html]
[cafe-nine-fifty/blog/dirty-little-secrets-about-the-business-industry.html]
[cafe-nine-fifty/blog/investment-doubts-you-should-clarify.html]
[cafe-nine-fifty/blog/single-investment-doubts-you-should-clarify.html]
[cafe-nine-fifty/blog/ten-tell-tale-signs-you-need-to-get-a-new-startup-9e537.html]
[cafe-nine-fifty/blog.html]
[cafe-nine-fifty/blog/ten-tell-tale-signs-you-need-to-get-a-new-startup-101fa.html]
[cafe-nine-fifty/blog/investment-doubts-you-should-clarify-two.html]
[cafe-nine-fifty/contact.html]
[cafe-nine-fifty/product/espresso1.html]
[cafe-nine-fifty/privacy-policy.html]
[cafe-nine-fifty/404.html]
[cafe-nine-fifty/utilities/style-guides.html]
[cafe-nine-fifty/utilities/licenses.html]
[cafe-nine-fifty/utilities/changelog.html]
[cafe-nine-fifty/product/mocha.html]
[cdn.prod.website-files.com/67b83dd4545a3f3f932c754c/js/webflow.3d54d353.bb49336c08983f42.js]
[cafe-nine-fifty/product/espresso.html]
[cafe-nine-fifty/product/latte.html]
[cdn.prod.website-files.com/67b83dd4545a3f3f932c757b/67b83dd4545a3f3f932c76af_Product Item (2).png]
[cafe-nine-fifty/product/chai-tea.html]
[cafe-nine-fifty/blog/dirty-little-secrets-about-the-business-industry.html]
[cafe-nine-fifty/blog/investment-doubts-you-should-clarify.html]
[cafe-nine-fifty/blog/single-investment-doubts-you-should-clarify.html]
[cafe-nine-fifty/blog/ten-tell-tale-signs-you-need-to-get-a-new-startup-9e537.html]
[cafe-nine-fifty/blog/investment-doubts-you-should-clarify-two.html]
[cafe-nine-fifty/shop.html]
[cafe-nine-fifty/home.html]
[cafe-nine-fifty/product/american.html]
[cafe-nine-fifty/_https_/cdn.prod.website-files.com/674fe3426befc8d5220fd7ea/677fb4b400fe7b2a8798ac4e_Coffe Video CTA-poster-00001.html]
[cafe-nine-fifty/_https_/cdn.prod.website-files.com/674fe3426befc8d5220fd7ea/677f5b55c1710e6acd65c8e9_About Video-poster-00001.html]
[cafe-nine-fifty/blog/best-pinterest-boards-for-learning-about-business.html]
[cafe-nine-fifty/blog/worst-business-accounts-to-follow.html]
[cafe-nine-fifty/bloga788.html]
